// Jest Snapshot v1, https://goo.gl/fbAQLP

exports[`Should PrivateRoute render correctly with AUTH auth status 1`] = `
<div>
  private div
</div>
`;

exports[`Should PrivateRoute render correctly with NO_AUTH auth status 1`] = `null`;
