// Jest Snapshot v1, https://goo.gl/fbAQLP

exports[`withPageNumber is rendered correctly 1`] = `<div />`;
