// Jest Snapshot v1, https://goo.gl/fbAQLP

exports[`Should VideoPlayer render correctly 1`] = `
<video
  height="175"
  muted={true}
  onCanPlayThrough={[Function]}
  poster="/img/orlando.jpg"
  width="280"
/>
`;
